// Jest Snapshot v1, https://goo.gl/fbAQLP

exports[`Footer renders correctly 1`] = `
<div
  id="footer"
>
  <div
    className="inner"
  >
    <ul
      className="icons"
    >
      <li>
        <a
          className="icon fa-github"
          href="https://github.com/tobsirl"
        >
          <span
            className="label"
          >
            Github
          </span>
        </a>
      </li>
      <li>
        <a
          className="icon fa-linkedin"
          href="https://www.linkedin.com/in/paul-tobin-irl/"
        >
          <span
            className="label"
          >
            LinkedIn
          </span>
        </a>
      </li>
      <li>
        <a
          className="icon fa-twitter"
          href="/"
        >
          <span
            className="label"
          >
            Twitter
          </span>
        </a>
      </li>
      <li>
        <a
          className="icon fa-envelope-o"
          href="mailto:tobster111@gmail.com"
        >
          <span
            className="label"
          >
            Email
          </span>
        </a>
      </li>
    </ul>
    <ul
      className="copyright"
    >
      <li>
        Paul Tobin 2021 Â©
      </li>
    </ul>
  </div>
</div>
`;
